// Jest Snapshot v1, https://goo.gl/fbAQLP

exports[`IndexPage matches snapshot 1`] = `
<DocumentFragment>
  0
  <div>
    <button>
      -
    </button>
    <button>
      +
    </button>
    <button>
      Reset
    </button>
  </div>
</DocumentFragment>
`;
